Running inside Clemson-DND Segment...
2025-09-22 23:56:06.034192: W tensorflow/stream_executor/platform/default/dso_loader.cc:55] Could not load dynamic library 'libcuda.so.1'; dlerror: libcuda.so.1: cannot open shared object file: No such file or directory; LD_LIBRARY_PATH: /software/slurm/spackages/linux-rocky8-x86_64/gcc-12.3.0/cuda-12.3.0-p2hoh7xwcu52zilqglv3nnc5bwnritue/lib64:/software/slurm/spackages/linux-rocky8-x86_64/gcc-12.2.0/anaconda3-2023.09-0-3mhml42fa64byxqyd5fig5tbih625dp2/lib:/software/slurm/spackages/linux-rocky8-x86_64/gcc-12.2.0/gcc-13.2.0-syd6gd5bzt4ugi5fc6dh2efw46jakd6t/lib:/software/slurm/spackages/linux-rocky8-x86_64/gcc-12.2.0/gcc-13.2.0-syd6gd5bzt4ugi5fc6dh2efw46jakd6t/lib64
2025-09-22 23:56:06.035796: E tensorflow/stream_executor/cuda/cuda_driver.cc:313] failed call to cuInit: UNKNOWN ERROR (303)
2025-09-22 23:56:06.035838: I tensorflow/stream_executor/cuda/cuda_diagnostics.cc:156] kernel driver does not appear to be running on this host (node1869.palmetto.clemson.edu): /proc/driver/nvidia/version does not exist
2025-09-22 23:56:06.036089: I tensorflow/core/platform/cpu_feature_guard.cc:143] Your CPU supports instructions that this TensorFlow binary was not compiled to use: SSE4.1 SSE4.2 AVX
2025-09-22 23:56:06.057112: I tensorflow/core/platform/profile_utils/cpu_utils.cc:102] CPU Frequency: 2399930000 Hz
2025-09-22 23:56:06.057437: I tensorflow/compiler/xla/service/service.cc:168] XLA service 0x5583c3feebf0 initialized for platform Host (this does not guarantee that XLA will be used). Devices:
2025-09-22 23:56:06.057469: I tensorflow/compiler/xla/service/service.cc:176]   StreamExecutor device (0): Host, Default Version
Traceback (most recent call last):
  File "Eval_HeydCNN.py", line 379, in <module>
    for currDetection in currDets:
NameError: name 'currDets' is not defined
2025-09-22 23:56:40.812792: W tensorflow/stream_executor/platform/default/dso_loader.cc:55] Could not load dynamic library 'libcuda.so.1'; dlerror: libcuda.so.1: cannot open shared object file: No such file or directory; LD_LIBRARY_PATH: /software/slurm/spackages/linux-rocky8-x86_64/gcc-12.3.0/cuda-12.3.0-p2hoh7xwcu52zilqglv3nnc5bwnritue/lib64:/software/slurm/spackages/linux-rocky8-x86_64/gcc-12.2.0/anaconda3-2023.09-0-3mhml42fa64byxqyd5fig5tbih625dp2/lib:/software/slurm/spackages/linux-rocky8-x86_64/gcc-12.2.0/gcc-13.2.0-syd6gd5bzt4ugi5fc6dh2efw46jakd6t/lib:/software/slurm/spackages/linux-rocky8-x86_64/gcc-12.2.0/gcc-13.2.0-syd6gd5bzt4ugi5fc6dh2efw46jakd6t/lib64
2025-09-22 23:56:40.812845: E tensorflow/stream_executor/cuda/cuda_driver.cc:313] failed call to cuInit: UNKNOWN ERROR (303)
2025-09-22 23:56:40.812873: I tensorflow/stream_executor/cuda/cuda_diagnostics.cc:156] kernel driver does not appear to be running on this host (node1869.palmetto.clemson.edu): /proc/driver/nvidia/version does not exist
2025-09-22 23:56:40.813069: I tensorflow/core/platform/cpu_feature_guard.cc:143] Your CPU supports instructions that this TensorFlow binary was not compiled to use: SSE4.1 SSE4.2 AVX
2025-09-22 23:56:40.834111: I tensorflow/core/platform/profile_utils/cpu_utils.cc:102] CPU Frequency: 2399930000 Hz
2025-09-22 23:56:40.834493: I tensorflow/compiler/xla/service/service.cc:168] XLA service 0x563a266f33a0 initialized for platform Host (this does not guarantee that XLA will be used). Devices:
2025-09-22 23:56:40.834534: I tensorflow/compiler/xla/service/service.cc:176]   StreamExecutor device (0): Host, Default Version
Traceback (most recent call last):
  File "Eval_HeydCNN.py", line 379, in <module>
    for currDetection in currDets:
NameError: name 'currDets' is not defined
2025-09-22 23:57:16.399359: W tensorflow/stream_executor/platform/default/dso_loader.cc:55] Could not load dynamic library 'libcuda.so.1'; dlerror: libcuda.so.1: cannot open shared object file: No such file or directory; LD_LIBRARY_PATH: /software/slurm/spackages/linux-rocky8-x86_64/gcc-12.3.0/cuda-12.3.0-p2hoh7xwcu52zilqglv3nnc5bwnritue/lib64:/software/slurm/spackages/linux-rocky8-x86_64/gcc-12.2.0/anaconda3-2023.09-0-3mhml42fa64byxqyd5fig5tbih625dp2/lib:/software/slurm/spackages/linux-rocky8-x86_64/gcc-12.2.0/gcc-13.2.0-syd6gd5bzt4ugi5fc6dh2efw46jakd6t/lib:/software/slurm/spackages/linux-rocky8-x86_64/gcc-12.2.0/gcc-13.2.0-syd6gd5bzt4ugi5fc6dh2efw46jakd6t/lib64
2025-09-22 23:57:16.399418: E tensorflow/stream_executor/cuda/cuda_driver.cc:313] failed call to cuInit: UNKNOWN ERROR (303)
2025-09-22 23:57:16.399455: I tensorflow/stream_executor/cuda/cuda_diagnostics.cc:156] kernel driver does not appear to be running on this host (node1869.palmetto.clemson.edu): /proc/driver/nvidia/version does not exist
2025-09-22 23:57:16.399661: I tensorflow/core/platform/cpu_feature_guard.cc:143] Your CPU supports instructions that this TensorFlow binary was not compiled to use: SSE4.1 SSE4.2 AVX
2025-09-22 23:57:16.421107: I tensorflow/core/platform/profile_utils/cpu_utils.cc:102] CPU Frequency: 2399930000 Hz
2025-09-22 23:57:16.421439: I tensorflow/compiler/xla/service/service.cc:168] XLA service 0x5589666d80f0 initialized for platform Host (this does not guarantee that XLA will be used). Devices:
2025-09-22 23:57:16.421470: I tensorflow/compiler/xla/service/service.cc:176]   StreamExecutor device (0): Host, Default Version
Traceback (most recent call last):
  File "Eval_HeydCNN.py", line 379, in <module>
    for currDetection in currDets:
NameError: name 'currDets' is not defined
2025-09-22 23:57:49.581554: W tensorflow/stream_executor/platform/default/dso_loader.cc:55] Could not load dynamic library 'libcuda.so.1'; dlerror: libcuda.so.1: cannot open shared object file: No such file or directory; LD_LIBRARY_PATH: /software/slurm/spackages/linux-rocky8-x86_64/gcc-12.3.0/cuda-12.3.0-p2hoh7xwcu52zilqglv3nnc5bwnritue/lib64:/software/slurm/spackages/linux-rocky8-x86_64/gcc-12.2.0/anaconda3-2023.09-0-3mhml42fa64byxqyd5fig5tbih625dp2/lib:/software/slurm/spackages/linux-rocky8-x86_64/gcc-12.2.0/gcc-13.2.0-syd6gd5bzt4ugi5fc6dh2efw46jakd6t/lib:/software/slurm/spackages/linux-rocky8-x86_64/gcc-12.2.0/gcc-13.2.0-syd6gd5bzt4ugi5fc6dh2efw46jakd6t/lib64
2025-09-22 23:57:49.581605: E tensorflow/stream_executor/cuda/cuda_driver.cc:313] failed call to cuInit: UNKNOWN ERROR (303)
2025-09-22 23:57:49.581634: I tensorflow/stream_executor/cuda/cuda_diagnostics.cc:156] kernel driver does not appear to be running on this host (node1869.palmetto.clemson.edu): /proc/driver/nvidia/version does not exist
2025-09-22 23:57:49.581828: I tensorflow/core/platform/cpu_feature_guard.cc:143] Your CPU supports instructions that this TensorFlow binary was not compiled to use: SSE4.1 SSE4.2 AVX
2025-09-22 23:57:49.590839: I tensorflow/core/platform/profile_utils/cpu_utils.cc:102] CPU Frequency: 2399930000 Hz
2025-09-22 23:57:49.591065: I tensorflow/compiler/xla/service/service.cc:168] XLA service 0x5610ff030df0 initialized for platform Host (this does not guarantee that XLA will be used). Devices:
2025-09-22 23:57:49.591091: I tensorflow/compiler/xla/service/service.cc:176]   StreamExecutor device (0): Host, Default Version
Traceback (most recent call last):
  File "Eval_HeydCNN.py", line 379, in <module>
    for currDetection in currDets:
NameError: name 'currDets' is not defined
2025-09-22 23:58:26.527016: W tensorflow/stream_executor/platform/default/dso_loader.cc:55] Could not load dynamic library 'libcuda.so.1'; dlerror: libcuda.so.1: cannot open shared object file: No such file or directory; LD_LIBRARY_PATH: /software/slurm/spackages/linux-rocky8-x86_64/gcc-12.3.0/cuda-12.3.0-p2hoh7xwcu52zilqglv3nnc5bwnritue/lib64:/software/slurm/spackages/linux-rocky8-x86_64/gcc-12.2.0/anaconda3-2023.09-0-3mhml42fa64byxqyd5fig5tbih625dp2/lib:/software/slurm/spackages/linux-rocky8-x86_64/gcc-12.2.0/gcc-13.2.0-syd6gd5bzt4ugi5fc6dh2efw46jakd6t/lib:/software/slurm/spackages/linux-rocky8-x86_64/gcc-12.2.0/gcc-13.2.0-syd6gd5bzt4ugi5fc6dh2efw46jakd6t/lib64
2025-09-22 23:58:26.527069: E tensorflow/stream_executor/cuda/cuda_driver.cc:313] failed call to cuInit: UNKNOWN ERROR (303)
2025-09-22 23:58:26.527098: I tensorflow/stream_executor/cuda/cuda_diagnostics.cc:156] kernel driver does not appear to be running on this host (node1869.palmetto.clemson.edu): /proc/driver/nvidia/version does not exist
2025-09-22 23:58:26.527296: I tensorflow/core/platform/cpu_feature_guard.cc:143] Your CPU supports instructions that this TensorFlow binary was not compiled to use: SSE4.1 SSE4.2 AVX
2025-09-22 23:58:26.547131: I tensorflow/core/platform/profile_utils/cpu_utils.cc:102] CPU Frequency: 2399930000 Hz
2025-09-22 23:58:26.547514: I tensorflow/compiler/xla/service/service.cc:168] XLA service 0x559c348c6030 initialized for platform Host (this does not guarantee that XLA will be used). Devices:
2025-09-22 23:58:26.547545: I tensorflow/compiler/xla/service/service.cc:176]   StreamExecutor device (0): Host, Default Version
Traceback (most recent call last):
  File "Eval_HeydCNN.py", line 379, in <module>
    for currDetection in currDets:
NameError: name 'currDets' is not defined
FINISHED EVALUATING.
