Running inside OHDom Segment...
2025-09-23 00:33:05.248038: W tensorflow/stream_executor/platform/default/dso_loader.cc:55] Could not load dynamic library 'libcuda.so.1'; dlerror: libcuda.so.1: cannot open shared object file: No such file or directory; LD_LIBRARY_PATH: /software/slurm/spackages/linux-rocky8-x86_64/gcc-12.3.0/cuda-12.3.0-p2hoh7xwcu52zilqglv3nnc5bwnritue/lib64:/software/slurm/spackages/linux-rocky8-x86_64/gcc-12.2.0/anaconda3-2023.09-0-3mhml42fa64byxqyd5fig5tbih625dp2/lib:/software/slurm/spackages/linux-rocky8-x86_64/gcc-12.2.0/gcc-13.2.0-syd6gd5bzt4ugi5fc6dh2efw46jakd6t/lib:/software/slurm/spackages/linux-rocky8-x86_64/gcc-12.2.0/gcc-13.2.0-syd6gd5bzt4ugi5fc6dh2efw46jakd6t/lib64
2025-09-23 00:33:05.248091: E tensorflow/stream_executor/cuda/cuda_driver.cc:313] failed call to cuInit: UNKNOWN ERROR (303)
2025-09-23 00:33:05.248123: I tensorflow/stream_executor/cuda/cuda_diagnostics.cc:156] kernel driver does not appear to be running on this host (node1625.palmetto.clemson.edu): /proc/driver/nvidia/version does not exist
2025-09-23 00:33:05.248436: I tensorflow/core/platform/cpu_feature_guard.cc:143] Your CPU supports instructions that this TensorFlow binary was not compiled to use: SSE4.1 SSE4.2 AVX
2025-09-23 00:33:05.307129: I tensorflow/core/platform/profile_utils/cpu_utils.cc:102] CPU Frequency: 2394080000 Hz
2025-09-23 00:33:05.309741: I tensorflow/compiler/xla/service/service.cc:168] XLA service 0x55a6e18e1f50 initialized for platform Host (this does not guarantee that XLA will be used). Devices:
2025-09-23 00:33:05.309780: I tensorflow/compiler/xla/service/service.cc:176]   StreamExecutor device (0): Host, Default Version
2025-09-23 00:38:46.297424: W tensorflow/stream_executor/platform/default/dso_loader.cc:55] Could not load dynamic library 'libcuda.so.1'; dlerror: libcuda.so.1: cannot open shared object file: No such file or directory; LD_LIBRARY_PATH: /software/slurm/spackages/linux-rocky8-x86_64/gcc-12.3.0/cuda-12.3.0-p2hoh7xwcu52zilqglv3nnc5bwnritue/lib64:/software/slurm/spackages/linux-rocky8-x86_64/gcc-12.2.0/anaconda3-2023.09-0-3mhml42fa64byxqyd5fig5tbih625dp2/lib:/software/slurm/spackages/linux-rocky8-x86_64/gcc-12.2.0/gcc-13.2.0-syd6gd5bzt4ugi5fc6dh2efw46jakd6t/lib:/software/slurm/spackages/linux-rocky8-x86_64/gcc-12.2.0/gcc-13.2.0-syd6gd5bzt4ugi5fc6dh2efw46jakd6t/lib64
2025-09-23 00:38:46.297474: E tensorflow/stream_executor/cuda/cuda_driver.cc:313] failed call to cuInit: UNKNOWN ERROR (303)
2025-09-23 00:38:46.297503: I tensorflow/stream_executor/cuda/cuda_diagnostics.cc:156] kernel driver does not appear to be running on this host (node1625.palmetto.clemson.edu): /proc/driver/nvidia/version does not exist
2025-09-23 00:38:46.297721: I tensorflow/core/platform/cpu_feature_guard.cc:143] Your CPU supports instructions that this TensorFlow binary was not compiled to use: SSE4.1 SSE4.2 AVX
2025-09-23 00:38:46.317153: I tensorflow/core/platform/profile_utils/cpu_utils.cc:102] CPU Frequency: 2394080000 Hz
2025-09-23 00:38:46.317513: I tensorflow/compiler/xla/service/service.cc:168] XLA service 0x555c8b9c4010 initialized for platform Host (this does not guarantee that XLA will be used). Devices:
2025-09-23 00:38:46.317545: I tensorflow/compiler/xla/service/service.cc:176]   StreamExecutor device (0): Host, Default Version
2025-09-23 00:44:56.097412: W tensorflow/stream_executor/platform/default/dso_loader.cc:55] Could not load dynamic library 'libcuda.so.1'; dlerror: libcuda.so.1: cannot open shared object file: No such file or directory; LD_LIBRARY_PATH: /software/slurm/spackages/linux-rocky8-x86_64/gcc-12.3.0/cuda-12.3.0-p2hoh7xwcu52zilqglv3nnc5bwnritue/lib64:/software/slurm/spackages/linux-rocky8-x86_64/gcc-12.2.0/anaconda3-2023.09-0-3mhml42fa64byxqyd5fig5tbih625dp2/lib:/software/slurm/spackages/linux-rocky8-x86_64/gcc-12.2.0/gcc-13.2.0-syd6gd5bzt4ugi5fc6dh2efw46jakd6t/lib:/software/slurm/spackages/linux-rocky8-x86_64/gcc-12.2.0/gcc-13.2.0-syd6gd5bzt4ugi5fc6dh2efw46jakd6t/lib64
2025-09-23 00:44:56.097461: E tensorflow/stream_executor/cuda/cuda_driver.cc:313] failed call to cuInit: UNKNOWN ERROR (303)
2025-09-23 00:44:56.097495: I tensorflow/stream_executor/cuda/cuda_diagnostics.cc:156] kernel driver does not appear to be running on this host (node1625.palmetto.clemson.edu): /proc/driver/nvidia/version does not exist
2025-09-23 00:44:56.097709: I tensorflow/core/platform/cpu_feature_guard.cc:143] Your CPU supports instructions that this TensorFlow binary was not compiled to use: SSE4.1 SSE4.2 AVX
2025-09-23 00:44:56.117142: I tensorflow/core/platform/profile_utils/cpu_utils.cc:102] CPU Frequency: 2394080000 Hz
2025-09-23 00:44:56.117519: I tensorflow/compiler/xla/service/service.cc:168] XLA service 0x55b05fa21bb0 initialized for platform Host (this does not guarantee that XLA will be used). Devices:
2025-09-23 00:44:56.117551: I tensorflow/compiler/xla/service/service.cc:176]   StreamExecutor device (0): Host, Default Version
2025-09-23 00:50:51.103801: W tensorflow/stream_executor/platform/default/dso_loader.cc:55] Could not load dynamic library 'libcuda.so.1'; dlerror: libcuda.so.1: cannot open shared object file: No such file or directory; LD_LIBRARY_PATH: /software/slurm/spackages/linux-rocky8-x86_64/gcc-12.3.0/cuda-12.3.0-p2hoh7xwcu52zilqglv3nnc5bwnritue/lib64:/software/slurm/spackages/linux-rocky8-x86_64/gcc-12.2.0/anaconda3-2023.09-0-3mhml42fa64byxqyd5fig5tbih625dp2/lib:/software/slurm/spackages/linux-rocky8-x86_64/gcc-12.2.0/gcc-13.2.0-syd6gd5bzt4ugi5fc6dh2efw46jakd6t/lib:/software/slurm/spackages/linux-rocky8-x86_64/gcc-12.2.0/gcc-13.2.0-syd6gd5bzt4ugi5fc6dh2efw46jakd6t/lib64
2025-09-23 00:50:51.103845: E tensorflow/stream_executor/cuda/cuda_driver.cc:313] failed call to cuInit: UNKNOWN ERROR (303)
2025-09-23 00:50:51.103870: I tensorflow/stream_executor/cuda/cuda_diagnostics.cc:156] kernel driver does not appear to be running on this host (node1625.palmetto.clemson.edu): /proc/driver/nvidia/version does not exist
2025-09-23 00:50:51.104080: I tensorflow/core/platform/cpu_feature_guard.cc:143] Your CPU supports instructions that this TensorFlow binary was not compiled to use: SSE4.1 SSE4.2 AVX
2025-09-23 00:50:51.123089: I tensorflow/core/platform/profile_utils/cpu_utils.cc:102] CPU Frequency: 2394080000 Hz
2025-09-23 00:50:51.123371: I tensorflow/compiler/xla/service/service.cc:168] XLA service 0x563e64b8c270 initialized for platform Host (this does not guarantee that XLA will be used). Devices:
2025-09-23 00:50:51.123401: I tensorflow/compiler/xla/service/service.cc:176]   StreamExecutor device (0): Host, Default Version
2025-09-23 00:56:49.637681: W tensorflow/stream_executor/platform/default/dso_loader.cc:55] Could not load dynamic library 'libcuda.so.1'; dlerror: libcuda.so.1: cannot open shared object file: No such file or directory; LD_LIBRARY_PATH: /software/slurm/spackages/linux-rocky8-x86_64/gcc-12.3.0/cuda-12.3.0-p2hoh7xwcu52zilqglv3nnc5bwnritue/lib64:/software/slurm/spackages/linux-rocky8-x86_64/gcc-12.2.0/anaconda3-2023.09-0-3mhml42fa64byxqyd5fig5tbih625dp2/lib:/software/slurm/spackages/linux-rocky8-x86_64/gcc-12.2.0/gcc-13.2.0-syd6gd5bzt4ugi5fc6dh2efw46jakd6t/lib:/software/slurm/spackages/linux-rocky8-x86_64/gcc-12.2.0/gcc-13.2.0-syd6gd5bzt4ugi5fc6dh2efw46jakd6t/lib64
2025-09-23 00:56:49.637724: E tensorflow/stream_executor/cuda/cuda_driver.cc:313] failed call to cuInit: UNKNOWN ERROR (303)
2025-09-23 00:56:49.637748: I tensorflow/stream_executor/cuda/cuda_diagnostics.cc:156] kernel driver does not appear to be running on this host (node1625.palmetto.clemson.edu): /proc/driver/nvidia/version does not exist
2025-09-23 00:56:49.637919: I tensorflow/core/platform/cpu_feature_guard.cc:143] Your CPU supports instructions that this TensorFlow binary was not compiled to use: SSE4.1 SSE4.2 AVX
2025-09-23 00:56:49.656101: I tensorflow/core/platform/profile_utils/cpu_utils.cc:102] CPU Frequency: 2394080000 Hz
2025-09-23 00:56:49.656659: I tensorflow/compiler/xla/service/service.cc:168] XLA service 0x555acb616190 initialized for platform Host (this does not guarantee that XLA will be used). Devices:
2025-09-23 00:56:49.656685: I tensorflow/compiler/xla/service/service.cc:176]   StreamExecutor device (0): Host, Default Version
FINISHED EVALUATING.
