Running inside Clemson-DND Segment...
2025-09-22 23:37:54.631461: W tensorflow/stream_executor/platform/default/dso_loader.cc:55] Could not load dynamic library 'libcuda.so.1'; dlerror: libcuda.so.1: cannot open shared object file: No such file or directory; LD_LIBRARY_PATH: /software/slurm/spackages/linux-rocky8-x86_64/gcc-12.3.0/cuda-12.3.0-p2hoh7xwcu52zilqglv3nnc5bwnritue/lib64:/software/slurm/spackages/linux-rocky8-x86_64/gcc-12.2.0/anaconda3-2023.09-0-3mhml42fa64byxqyd5fig5tbih625dp2/lib:/software/slurm/spackages/linux-rocky8-x86_64/gcc-12.2.0/gcc-13.2.0-syd6gd5bzt4ugi5fc6dh2efw46jakd6t/lib:/software/slurm/spackages/linux-rocky8-x86_64/gcc-12.2.0/gcc-13.2.0-syd6gd5bzt4ugi5fc6dh2efw46jakd6t/lib64
2025-09-22 23:37:54.631798: E tensorflow/stream_executor/cuda/cuda_driver.cc:313] failed call to cuInit: UNKNOWN ERROR (303)
2025-09-22 23:37:54.631833: I tensorflow/stream_executor/cuda/cuda_diagnostics.cc:156] kernel driver does not appear to be running on this host (node0355.palmetto.clemson.edu): /proc/driver/nvidia/version does not exist
2025-09-22 23:37:54.632169: I tensorflow/core/platform/cpu_feature_guard.cc:143] Your CPU supports instructions that this TensorFlow binary was not compiled to use: SSE4.1 SSE4.2 AVX
2025-09-22 23:37:54.687240: I tensorflow/core/platform/profile_utils/cpu_utils.cc:102] CPU Frequency: 2199855000 Hz
2025-09-22 23:37:54.689581: I tensorflow/compiler/xla/service/service.cc:168] XLA service 0x5622bd7176f0 initialized for platform Host (this does not guarantee that XLA will be used). Devices:
2025-09-22 23:37:54.689625: I tensorflow/compiler/xla/service/service.cc:176]   StreamExecutor device (0): Host, Default Version
Traceback (most recent call last):
  File "Eval_HeydCNN.py", line 371, in <module>
    with open(filename,"w") as f:
FileNotFoundError: [Errno 2] No such file or directory: './Detections/DndClemson/ClemDND_HeydCNN_0/Dets_DndClemson_p005c2.txt'
2025-09-22 23:38:31.101144: W tensorflow/stream_executor/platform/default/dso_loader.cc:55] Could not load dynamic library 'libcuda.so.1'; dlerror: libcuda.so.1: cannot open shared object file: No such file or directory; LD_LIBRARY_PATH: /software/slurm/spackages/linux-rocky8-x86_64/gcc-12.3.0/cuda-12.3.0-p2hoh7xwcu52zilqglv3nnc5bwnritue/lib64:/software/slurm/spackages/linux-rocky8-x86_64/gcc-12.2.0/anaconda3-2023.09-0-3mhml42fa64byxqyd5fig5tbih625dp2/lib:/software/slurm/spackages/linux-rocky8-x86_64/gcc-12.2.0/gcc-13.2.0-syd6gd5bzt4ugi5fc6dh2efw46jakd6t/lib:/software/slurm/spackages/linux-rocky8-x86_64/gcc-12.2.0/gcc-13.2.0-syd6gd5bzt4ugi5fc6dh2efw46jakd6t/lib64
2025-09-22 23:38:31.101204: E tensorflow/stream_executor/cuda/cuda_driver.cc:313] failed call to cuInit: UNKNOWN ERROR (303)
2025-09-22 23:38:31.101236: I tensorflow/stream_executor/cuda/cuda_diagnostics.cc:156] kernel driver does not appear to be running on this host (node0355.palmetto.clemson.edu): /proc/driver/nvidia/version does not exist
2025-09-22 23:38:31.101561: I tensorflow/core/platform/cpu_feature_guard.cc:143] Your CPU supports instructions that this TensorFlow binary was not compiled to use: SSE4.1 SSE4.2 AVX
2025-09-22 23:38:31.121244: I tensorflow/core/platform/profile_utils/cpu_utils.cc:102] CPU Frequency: 2199855000 Hz
2025-09-22 23:38:31.121648: I tensorflow/compiler/xla/service/service.cc:168] XLA service 0x55a421cbfe00 initialized for platform Host (this does not guarantee that XLA will be used). Devices:
2025-09-22 23:38:31.121682: I tensorflow/compiler/xla/service/service.cc:176]   StreamExecutor device (0): Host, Default Version
Traceback (most recent call last):
  File "Eval_HeydCNN.py", line 371, in <module>
    with open(filename,"w") as f:
FileNotFoundError: [Errno 2] No such file or directory: './Detections/DndClemson/ClemDND_HeydCNN_0/Dets_DndClemson_p006c1.txt'
2025-09-22 23:39:07.215582: W tensorflow/stream_executor/platform/default/dso_loader.cc:55] Could not load dynamic library 'libcuda.so.1'; dlerror: libcuda.so.1: cannot open shared object file: No such file or directory; LD_LIBRARY_PATH: /software/slurm/spackages/linux-rocky8-x86_64/gcc-12.3.0/cuda-12.3.0-p2hoh7xwcu52zilqglv3nnc5bwnritue/lib64:/software/slurm/spackages/linux-rocky8-x86_64/gcc-12.2.0/anaconda3-2023.09-0-3mhml42fa64byxqyd5fig5tbih625dp2/lib:/software/slurm/spackages/linux-rocky8-x86_64/gcc-12.2.0/gcc-13.2.0-syd6gd5bzt4ugi5fc6dh2efw46jakd6t/lib:/software/slurm/spackages/linux-rocky8-x86_64/gcc-12.2.0/gcc-13.2.0-syd6gd5bzt4ugi5fc6dh2efw46jakd6t/lib64
2025-09-22 23:39:07.215644: E tensorflow/stream_executor/cuda/cuda_driver.cc:313] failed call to cuInit: UNKNOWN ERROR (303)
2025-09-22 23:39:07.215682: I tensorflow/stream_executor/cuda/cuda_diagnostics.cc:156] kernel driver does not appear to be running on this host (node0355.palmetto.clemson.edu): /proc/driver/nvidia/version does not exist
2025-09-22 23:39:07.215902: I tensorflow/core/platform/cpu_feature_guard.cc:143] Your CPU supports instructions that this TensorFlow binary was not compiled to use: SSE4.1 SSE4.2 AVX
2025-09-22 23:39:07.235240: I tensorflow/core/platform/profile_utils/cpu_utils.cc:102] CPU Frequency: 2199855000 Hz
2025-09-22 23:39:07.236009: I tensorflow/compiler/xla/service/service.cc:168] XLA service 0x55c8ced2ac30 initialized for platform Host (this does not guarantee that XLA will be used). Devices:
2025-09-22 23:39:07.236050: I tensorflow/compiler/xla/service/service.cc:176]   StreamExecutor device (0): Host, Default Version
Traceback (most recent call last):
  File "Eval_HeydCNN.py", line 371, in <module>
    with open(filename,"w") as f:
FileNotFoundError: [Errno 2] No such file or directory: './Detections/DndClemson/ClemDND_HeydCNN_0/Dets_DndClemson_p006c2.txt'
2025-09-22 23:39:42.434058: W tensorflow/stream_executor/platform/default/dso_loader.cc:55] Could not load dynamic library 'libcuda.so.1'; dlerror: libcuda.so.1: cannot open shared object file: No such file or directory; LD_LIBRARY_PATH: /software/slurm/spackages/linux-rocky8-x86_64/gcc-12.3.0/cuda-12.3.0-p2hoh7xwcu52zilqglv3nnc5bwnritue/lib64:/software/slurm/spackages/linux-rocky8-x86_64/gcc-12.2.0/anaconda3-2023.09-0-3mhml42fa64byxqyd5fig5tbih625dp2/lib:/software/slurm/spackages/linux-rocky8-x86_64/gcc-12.2.0/gcc-13.2.0-syd6gd5bzt4ugi5fc6dh2efw46jakd6t/lib:/software/slurm/spackages/linux-rocky8-x86_64/gcc-12.2.0/gcc-13.2.0-syd6gd5bzt4ugi5fc6dh2efw46jakd6t/lib64
2025-09-22 23:39:42.434125: E tensorflow/stream_executor/cuda/cuda_driver.cc:313] failed call to cuInit: UNKNOWN ERROR (303)
2025-09-22 23:39:42.434156: I tensorflow/stream_executor/cuda/cuda_diagnostics.cc:156] kernel driver does not appear to be running on this host (node0355.palmetto.clemson.edu): /proc/driver/nvidia/version does not exist
2025-09-22 23:39:42.434380: I tensorflow/core/platform/cpu_feature_guard.cc:143] Your CPU supports instructions that this TensorFlow binary was not compiled to use: SSE4.1 SSE4.2 AVX
2025-09-22 23:39:42.454225: I tensorflow/core/platform/profile_utils/cpu_utils.cc:102] CPU Frequency: 2199855000 Hz
2025-09-22 23:39:42.454612: I tensorflow/compiler/xla/service/service.cc:168] XLA service 0x556256990b60 initialized for platform Host (this does not guarantee that XLA will be used). Devices:
2025-09-22 23:39:42.454645: I tensorflow/compiler/xla/service/service.cc:176]   StreamExecutor device (0): Host, Default Version
Traceback (most recent call last):
  File "Eval_HeydCNN.py", line 371, in <module>
    with open(filename,"w") as f:
FileNotFoundError: [Errno 2] No such file or directory: './Detections/DndClemson/ClemDND_HeydCNN_0/Dets_DndClemson_p007c1.txt'
2025-09-22 23:40:20.154174: W tensorflow/stream_executor/platform/default/dso_loader.cc:55] Could not load dynamic library 'libcuda.so.1'; dlerror: libcuda.so.1: cannot open shared object file: No such file or directory; LD_LIBRARY_PATH: /software/slurm/spackages/linux-rocky8-x86_64/gcc-12.3.0/cuda-12.3.0-p2hoh7xwcu52zilqglv3nnc5bwnritue/lib64:/software/slurm/spackages/linux-rocky8-x86_64/gcc-12.2.0/anaconda3-2023.09-0-3mhml42fa64byxqyd5fig5tbih625dp2/lib:/software/slurm/spackages/linux-rocky8-x86_64/gcc-12.2.0/gcc-13.2.0-syd6gd5bzt4ugi5fc6dh2efw46jakd6t/lib:/software/slurm/spackages/linux-rocky8-x86_64/gcc-12.2.0/gcc-13.2.0-syd6gd5bzt4ugi5fc6dh2efw46jakd6t/lib64
2025-09-22 23:40:20.154238: E tensorflow/stream_executor/cuda/cuda_driver.cc:313] failed call to cuInit: UNKNOWN ERROR (303)
2025-09-22 23:40:20.154270: I tensorflow/stream_executor/cuda/cuda_diagnostics.cc:156] kernel driver does not appear to be running on this host (node0355.palmetto.clemson.edu): /proc/driver/nvidia/version does not exist
2025-09-22 23:40:20.154488: I tensorflow/core/platform/cpu_feature_guard.cc:143] Your CPU supports instructions that this TensorFlow binary was not compiled to use: SSE4.1 SSE4.2 AVX
2025-09-22 23:40:20.174248: I tensorflow/core/platform/profile_utils/cpu_utils.cc:102] CPU Frequency: 2199855000 Hz
2025-09-22 23:40:20.174716: I tensorflow/compiler/xla/service/service.cc:168] XLA service 0x564ce52f0a90 initialized for platform Host (this does not guarantee that XLA will be used). Devices:
2025-09-22 23:40:20.174750: I tensorflow/compiler/xla/service/service.cc:176]   StreamExecutor device (0): Host, Default Version
Traceback (most recent call last):
  File "Eval_HeydCNN.py", line 371, in <module>
    with open(filename,"w") as f:
FileNotFoundError: [Errno 2] No such file or directory: './Detections/DndClemson/ClemDND_HeydCNN_0/Dets_DndClemson_p005c1.txt'
FINISHED EVALUATING.
