Running inside OHO_DND Segment...
2025-09-19 22:24:54.180714: W tensorflow/stream_executor/platform/default/dso_loader.cc:55] Could not load dynamic library 'libcuda.so.1'; dlerror: libcuda.so.1: cannot open shared object file: No such file or directory; LD_LIBRARY_PATH: /software/slurm/spackages/linux-rocky8-x86_64/gcc-12.3.0/cuda-12.3.0-p2hoh7xwcu52zilqglv3nnc5bwnritue/lib64:/software/slurm/spackages/linux-rocky8-x86_64/gcc-12.2.0/anaconda3-2023.09-0-3mhml42fa64byxqyd5fig5tbih625dp2/lib:/software/slurm/spackages/linux-rocky8-x86_64/gcc-12.2.0/gcc-13.2.0-syd6gd5bzt4ugi5fc6dh2efw46jakd6t/lib:/software/slurm/spackages/linux-rocky8-x86_64/gcc-12.2.0/gcc-13.2.0-syd6gd5bzt4ugi5fc6dh2efw46jakd6t/lib64
2025-09-19 22:24:54.180806: E tensorflow/stream_executor/cuda/cuda_driver.cc:313] failed call to cuInit: UNKNOWN ERROR (303)
2025-09-19 22:24:54.180835: I tensorflow/stream_executor/cuda/cuda_diagnostics.cc:156] kernel driver does not appear to be running on this host (node0368.palmetto.clemson.edu): /proc/driver/nvidia/version does not exist
2025-09-19 22:24:54.181205: I tensorflow/core/platform/cpu_feature_guard.cc:143] Your CPU supports instructions that this TensorFlow binary was not compiled to use: SSE4.1 SSE4.2 AVX
2025-09-19 22:24:54.244862: I tensorflow/core/platform/profile_utils/cpu_utils.cc:102] CPU Frequency: 2199935000 Hz
2025-09-19 22:24:54.248189: I tensorflow/compiler/xla/service/service.cc:168] XLA service 0x56471221d1a0 initialized for platform Host (this does not guarantee that XLA will be used). Devices:
2025-09-19 22:24:54.248225: I tensorflow/compiler/xla/service/service.cc:176]   StreamExecutor device (0): Host, Default Version
2025-09-19 22:31:52.114931: W tensorflow/stream_executor/platform/default/dso_loader.cc:55] Could not load dynamic library 'libcuda.so.1'; dlerror: libcuda.so.1: cannot open shared object file: No such file or directory; LD_LIBRARY_PATH: /software/slurm/spackages/linux-rocky8-x86_64/gcc-12.3.0/cuda-12.3.0-p2hoh7xwcu52zilqglv3nnc5bwnritue/lib64:/software/slurm/spackages/linux-rocky8-x86_64/gcc-12.2.0/anaconda3-2023.09-0-3mhml42fa64byxqyd5fig5tbih625dp2/lib:/software/slurm/spackages/linux-rocky8-x86_64/gcc-12.2.0/gcc-13.2.0-syd6gd5bzt4ugi5fc6dh2efw46jakd6t/lib:/software/slurm/spackages/linux-rocky8-x86_64/gcc-12.2.0/gcc-13.2.0-syd6gd5bzt4ugi5fc6dh2efw46jakd6t/lib64
2025-09-19 22:31:52.114988: E tensorflow/stream_executor/cuda/cuda_driver.cc:313] failed call to cuInit: UNKNOWN ERROR (303)
2025-09-19 22:31:52.115019: I tensorflow/stream_executor/cuda/cuda_diagnostics.cc:156] kernel driver does not appear to be running on this host (node0368.palmetto.clemson.edu): /proc/driver/nvidia/version does not exist
2025-09-19 22:31:52.115280: I tensorflow/core/platform/cpu_feature_guard.cc:143] Your CPU supports instructions that this TensorFlow binary was not compiled to use: SSE4.1 SSE4.2 AVX
2025-09-19 22:31:52.135874: I tensorflow/core/platform/profile_utils/cpu_utils.cc:102] CPU Frequency: 2199935000 Hz
2025-09-19 22:31:52.136334: I tensorflow/compiler/xla/service/service.cc:168] XLA service 0x558fd0404d60 initialized for platform Host (this does not guarantee that XLA will be used). Devices:
2025-09-19 22:31:52.136367: I tensorflow/compiler/xla/service/service.cc:176]   StreamExecutor device (0): Host, Default Version
2025-09-19 22:39:06.358695: W tensorflow/stream_executor/platform/default/dso_loader.cc:55] Could not load dynamic library 'libcuda.so.1'; dlerror: libcuda.so.1: cannot open shared object file: No such file or directory; LD_LIBRARY_PATH: /software/slurm/spackages/linux-rocky8-x86_64/gcc-12.3.0/cuda-12.3.0-p2hoh7xwcu52zilqglv3nnc5bwnritue/lib64:/software/slurm/spackages/linux-rocky8-x86_64/gcc-12.2.0/anaconda3-2023.09-0-3mhml42fa64byxqyd5fig5tbih625dp2/lib:/software/slurm/spackages/linux-rocky8-x86_64/gcc-12.2.0/gcc-13.2.0-syd6gd5bzt4ugi5fc6dh2efw46jakd6t/lib:/software/slurm/spackages/linux-rocky8-x86_64/gcc-12.2.0/gcc-13.2.0-syd6gd5bzt4ugi5fc6dh2efw46jakd6t/lib64
2025-09-19 22:39:06.358759: E tensorflow/stream_executor/cuda/cuda_driver.cc:313] failed call to cuInit: UNKNOWN ERROR (303)
2025-09-19 22:39:06.358821: I tensorflow/stream_executor/cuda/cuda_diagnostics.cc:156] kernel driver does not appear to be running on this host (node0368.palmetto.clemson.edu): /proc/driver/nvidia/version does not exist
2025-09-19 22:39:06.359071: I tensorflow/core/platform/cpu_feature_guard.cc:143] Your CPU supports instructions that this TensorFlow binary was not compiled to use: SSE4.1 SSE4.2 AVX
2025-09-19 22:39:06.378840: I tensorflow/core/platform/profile_utils/cpu_utils.cc:102] CPU Frequency: 2199935000 Hz
2025-09-19 22:39:06.379272: I tensorflow/compiler/xla/service/service.cc:168] XLA service 0x56210c10aae0 initialized for platform Host (this does not guarantee that XLA will be used). Devices:
2025-09-19 22:39:06.379305: I tensorflow/compiler/xla/service/service.cc:176]   StreamExecutor device (0): Host, Default Version
2025-09-19 22:46:14.699331: W tensorflow/stream_executor/platform/default/dso_loader.cc:55] Could not load dynamic library 'libcuda.so.1'; dlerror: libcuda.so.1: cannot open shared object file: No such file or directory; LD_LIBRARY_PATH: /software/slurm/spackages/linux-rocky8-x86_64/gcc-12.3.0/cuda-12.3.0-p2hoh7xwcu52zilqglv3nnc5bwnritue/lib64:/software/slurm/spackages/linux-rocky8-x86_64/gcc-12.2.0/anaconda3-2023.09-0-3mhml42fa64byxqyd5fig5tbih625dp2/lib:/software/slurm/spackages/linux-rocky8-x86_64/gcc-12.2.0/gcc-13.2.0-syd6gd5bzt4ugi5fc6dh2efw46jakd6t/lib:/software/slurm/spackages/linux-rocky8-x86_64/gcc-12.2.0/gcc-13.2.0-syd6gd5bzt4ugi5fc6dh2efw46jakd6t/lib64
2025-09-19 22:46:14.699387: E tensorflow/stream_executor/cuda/cuda_driver.cc:313] failed call to cuInit: UNKNOWN ERROR (303)
2025-09-19 22:46:14.699416: I tensorflow/stream_executor/cuda/cuda_diagnostics.cc:156] kernel driver does not appear to be running on this host (node0368.palmetto.clemson.edu): /proc/driver/nvidia/version does not exist
2025-09-19 22:46:14.699671: I tensorflow/core/platform/cpu_feature_guard.cc:143] Your CPU supports instructions that this TensorFlow binary was not compiled to use: SSE4.1 SSE4.2 AVX
2025-09-19 22:46:14.707894: I tensorflow/core/platform/profile_utils/cpu_utils.cc:102] CPU Frequency: 2199935000 Hz
2025-09-19 22:46:14.708219: I tensorflow/compiler/xla/service/service.cc:168] XLA service 0x55760ec85790 initialized for platform Host (this does not guarantee that XLA will be used). Devices:
2025-09-19 22:46:14.708251: I tensorflow/compiler/xla/service/service.cc:176]   StreamExecutor device (0): Host, Default Version
2025-09-19 22:53:46.896883: W tensorflow/stream_executor/platform/default/dso_loader.cc:55] Could not load dynamic library 'libcuda.so.1'; dlerror: libcuda.so.1: cannot open shared object file: No such file or directory; LD_LIBRARY_PATH: /software/slurm/spackages/linux-rocky8-x86_64/gcc-12.3.0/cuda-12.3.0-p2hoh7xwcu52zilqglv3nnc5bwnritue/lib64:/software/slurm/spackages/linux-rocky8-x86_64/gcc-12.2.0/anaconda3-2023.09-0-3mhml42fa64byxqyd5fig5tbih625dp2/lib:/software/slurm/spackages/linux-rocky8-x86_64/gcc-12.2.0/gcc-13.2.0-syd6gd5bzt4ugi5fc6dh2efw46jakd6t/lib:/software/slurm/spackages/linux-rocky8-x86_64/gcc-12.2.0/gcc-13.2.0-syd6gd5bzt4ugi5fc6dh2efw46jakd6t/lib64
2025-09-19 22:53:46.896938: E tensorflow/stream_executor/cuda/cuda_driver.cc:313] failed call to cuInit: UNKNOWN ERROR (303)
2025-09-19 22:53:46.896968: I tensorflow/stream_executor/cuda/cuda_diagnostics.cc:156] kernel driver does not appear to be running on this host (node0368.palmetto.clemson.edu): /proc/driver/nvidia/version does not exist
2025-09-19 22:53:46.897288: I tensorflow/core/platform/cpu_feature_guard.cc:143] Your CPU supports instructions that this TensorFlow binary was not compiled to use: SSE4.1 SSE4.2 AVX
2025-09-19 22:53:46.917821: I tensorflow/core/platform/profile_utils/cpu_utils.cc:102] CPU Frequency: 2199935000 Hz
2025-09-19 22:53:46.918252: I tensorflow/compiler/xla/service/service.cc:168] XLA service 0x564cd9f286b0 initialized for platform Host (this does not guarantee that XLA will be used). Devices:
2025-09-19 22:53:46.918287: I tensorflow/compiler/xla/service/service.cc:176]   StreamExecutor device (0): Host, Default Version
FINISHED EVALUATING.
