Running inside Clemson-DND Segment...
2025-09-22 23:47:07.399622: W tensorflow/stream_executor/platform/default/dso_loader.cc:55] Could not load dynamic library 'libcuda.so.1'; dlerror: libcuda.so.1: cannot open shared object file: No such file or directory; LD_LIBRARY_PATH: /software/slurm/spackages/linux-rocky8-x86_64/gcc-12.3.0/cuda-12.3.0-p2hoh7xwcu52zilqglv3nnc5bwnritue/lib64:/software/slurm/spackages/linux-rocky8-x86_64/gcc-12.2.0/anaconda3-2023.09-0-3mhml42fa64byxqyd5fig5tbih625dp2/lib:/software/slurm/spackages/linux-rocky8-x86_64/gcc-12.2.0/gcc-13.2.0-syd6gd5bzt4ugi5fc6dh2efw46jakd6t/lib:/software/slurm/spackages/linux-rocky8-x86_64/gcc-12.2.0/gcc-13.2.0-syd6gd5bzt4ugi5fc6dh2efw46jakd6t/lib64
2025-09-22 23:47:07.399720: E tensorflow/stream_executor/cuda/cuda_driver.cc:313] failed call to cuInit: UNKNOWN ERROR (303)
2025-09-22 23:47:07.399750: I tensorflow/stream_executor/cuda/cuda_diagnostics.cc:156] kernel driver does not appear to be running on this host (node0361.palmetto.clemson.edu): /proc/driver/nvidia/version does not exist
2025-09-22 23:47:07.400102: I tensorflow/core/platform/cpu_feature_guard.cc:143] Your CPU supports instructions that this TensorFlow binary was not compiled to use: SSE4.1 SSE4.2 AVX
2025-09-22 23:47:07.464143: I tensorflow/core/platform/profile_utils/cpu_utils.cc:102] CPU Frequency: 2199920000 Hz
2025-09-22 23:47:07.467101: I tensorflow/compiler/xla/service/service.cc:168] XLA service 0x563c48bc3580 initialized for platform Host (this does not guarantee that XLA will be used). Devices:
2025-09-22 23:47:07.467173: I tensorflow/compiler/xla/service/service.cc:176]   StreamExecutor device (0): Host, Default Version
Traceback (most recent call last):
  File "Eval_HeydCNN.py", line 371, in <module>
    with open(filename,"w") as f:
FileNotFoundError: [Errno 2] No such file or directory: './Detections/DndClemson/ClemDND_HeydCNN_0/Dets_DndClemson_p005c2.txt'
2025-09-22 23:47:44.634280: W tensorflow/stream_executor/platform/default/dso_loader.cc:55] Could not load dynamic library 'libcuda.so.1'; dlerror: libcuda.so.1: cannot open shared object file: No such file or directory; LD_LIBRARY_PATH: /software/slurm/spackages/linux-rocky8-x86_64/gcc-12.3.0/cuda-12.3.0-p2hoh7xwcu52zilqglv3nnc5bwnritue/lib64:/software/slurm/spackages/linux-rocky8-x86_64/gcc-12.2.0/anaconda3-2023.09-0-3mhml42fa64byxqyd5fig5tbih625dp2/lib:/software/slurm/spackages/linux-rocky8-x86_64/gcc-12.2.0/gcc-13.2.0-syd6gd5bzt4ugi5fc6dh2efw46jakd6t/lib:/software/slurm/spackages/linux-rocky8-x86_64/gcc-12.2.0/gcc-13.2.0-syd6gd5bzt4ugi5fc6dh2efw46jakd6t/lib64
2025-09-22 23:47:44.634345: E tensorflow/stream_executor/cuda/cuda_driver.cc:313] failed call to cuInit: UNKNOWN ERROR (303)
2025-09-22 23:47:44.634376: I tensorflow/stream_executor/cuda/cuda_diagnostics.cc:156] kernel driver does not appear to be running on this host (node0361.palmetto.clemson.edu): /proc/driver/nvidia/version does not exist
2025-09-22 23:47:44.634683: I tensorflow/core/platform/cpu_feature_guard.cc:143] Your CPU supports instructions that this TensorFlow binary was not compiled to use: SSE4.1 SSE4.2 AVX
2025-09-22 23:47:44.654144: I tensorflow/core/platform/profile_utils/cpu_utils.cc:102] CPU Frequency: 2199920000 Hz
2025-09-22 23:47:44.654572: I tensorflow/compiler/xla/service/service.cc:168] XLA service 0x5560470d18d0 initialized for platform Host (this does not guarantee that XLA will be used). Devices:
2025-09-22 23:47:44.654604: I tensorflow/compiler/xla/service/service.cc:176]   StreamExecutor device (0): Host, Default Version
slurmstepd: error: *** JOB 5644873 ON node0361 CANCELLED AT 2025-09-22T23:47:59 ***
