Running inside Clemson-Dom Segment...
2025-09-23 00:33:27.370714: W tensorflow/stream_executor/platform/default/dso_loader.cc:55] Could not load dynamic library 'libcuda.so.1'; dlerror: libcuda.so.1: cannot open shared object file: No such file or directory; LD_LIBRARY_PATH: /software/slurm/spackages/linux-rocky8-x86_64/gcc-12.3.0/cuda-12.3.0-p2hoh7xwcu52zilqglv3nnc5bwnritue/lib64:/software/slurm/spackages/linux-rocky8-x86_64/gcc-12.2.0/anaconda3-2023.09-0-3mhml42fa64byxqyd5fig5tbih625dp2/lib:/software/slurm/spackages/linux-rocky8-x86_64/gcc-12.2.0/gcc-13.2.0-syd6gd5bzt4ugi5fc6dh2efw46jakd6t/lib:/software/slurm/spackages/linux-rocky8-x86_64/gcc-12.2.0/gcc-13.2.0-syd6gd5bzt4ugi5fc6dh2efw46jakd6t/lib64
2025-09-23 00:33:27.371181: E tensorflow/stream_executor/cuda/cuda_driver.cc:313] failed call to cuInit: UNKNOWN ERROR (303)
2025-09-23 00:33:27.371221: I tensorflow/stream_executor/cuda/cuda_diagnostics.cc:156] kernel driver does not appear to be running on this host (node1626.palmetto.clemson.edu): /proc/driver/nvidia/version does not exist
2025-09-23 00:33:27.371460: I tensorflow/core/platform/cpu_feature_guard.cc:143] Your CPU supports instructions that this TensorFlow binary was not compiled to use: SSE4.1 SSE4.2 AVX
2025-09-23 00:33:27.391719: I tensorflow/core/platform/profile_utils/cpu_utils.cc:102] CPU Frequency: 2393995000 Hz
2025-09-23 00:33:27.392070: I tensorflow/compiler/xla/service/service.cc:168] XLA service 0x5604abf1e990 initialized for platform Host (this does not guarantee that XLA will be used). Devices:
2025-09-23 00:33:27.392101: I tensorflow/compiler/xla/service/service.cc:176]   StreamExecutor device (0): Host, Default Version
2025-09-23 01:02:23.749638: W tensorflow/stream_executor/platform/default/dso_loader.cc:55] Could not load dynamic library 'libcuda.so.1'; dlerror: libcuda.so.1: cannot open shared object file: No such file or directory; LD_LIBRARY_PATH: /software/slurm/spackages/linux-rocky8-x86_64/gcc-12.3.0/cuda-12.3.0-p2hoh7xwcu52zilqglv3nnc5bwnritue/lib64:/software/slurm/spackages/linux-rocky8-x86_64/gcc-12.2.0/anaconda3-2023.09-0-3mhml42fa64byxqyd5fig5tbih625dp2/lib:/software/slurm/spackages/linux-rocky8-x86_64/gcc-12.2.0/gcc-13.2.0-syd6gd5bzt4ugi5fc6dh2efw46jakd6t/lib:/software/slurm/spackages/linux-rocky8-x86_64/gcc-12.2.0/gcc-13.2.0-syd6gd5bzt4ugi5fc6dh2efw46jakd6t/lib64
2025-09-23 01:02:23.749690: E tensorflow/stream_executor/cuda/cuda_driver.cc:313] failed call to cuInit: UNKNOWN ERROR (303)
2025-09-23 01:02:23.749725: I tensorflow/stream_executor/cuda/cuda_diagnostics.cc:156] kernel driver does not appear to be running on this host (node1626.palmetto.clemson.edu): /proc/driver/nvidia/version does not exist
2025-09-23 01:02:23.749927: I tensorflow/core/platform/cpu_feature_guard.cc:143] Your CPU supports instructions that this TensorFlow binary was not compiled to use: SSE4.1 SSE4.2 AVX
2025-09-23 01:02:23.768657: I tensorflow/core/platform/profile_utils/cpu_utils.cc:102] CPU Frequency: 2393995000 Hz
2025-09-23 01:02:23.768888: I tensorflow/compiler/xla/service/service.cc:168] XLA service 0x55aea345f280 initialized for platform Host (this does not guarantee that XLA will be used). Devices:
2025-09-23 01:02:23.768918: I tensorflow/compiler/xla/service/service.cc:176]   StreamExecutor device (0): Host, Default Version
2025-09-23 01:31:06.622403: W tensorflow/stream_executor/platform/default/dso_loader.cc:55] Could not load dynamic library 'libcuda.so.1'; dlerror: libcuda.so.1: cannot open shared object file: No such file or directory; LD_LIBRARY_PATH: /software/slurm/spackages/linux-rocky8-x86_64/gcc-12.3.0/cuda-12.3.0-p2hoh7xwcu52zilqglv3nnc5bwnritue/lib64:/software/slurm/spackages/linux-rocky8-x86_64/gcc-12.2.0/anaconda3-2023.09-0-3mhml42fa64byxqyd5fig5tbih625dp2/lib:/software/slurm/spackages/linux-rocky8-x86_64/gcc-12.2.0/gcc-13.2.0-syd6gd5bzt4ugi5fc6dh2efw46jakd6t/lib:/software/slurm/spackages/linux-rocky8-x86_64/gcc-12.2.0/gcc-13.2.0-syd6gd5bzt4ugi5fc6dh2efw46jakd6t/lib64
2025-09-23 01:31:06.622453: E tensorflow/stream_executor/cuda/cuda_driver.cc:313] failed call to cuInit: UNKNOWN ERROR (303)
2025-09-23 01:31:06.622486: I tensorflow/stream_executor/cuda/cuda_diagnostics.cc:156] kernel driver does not appear to be running on this host (node1626.palmetto.clemson.edu): /proc/driver/nvidia/version does not exist
2025-09-23 01:31:06.622705: I tensorflow/core/platform/cpu_feature_guard.cc:143] Your CPU supports instructions that this TensorFlow binary was not compiled to use: SSE4.1 SSE4.2 AVX
2025-09-23 01:31:06.641679: I tensorflow/core/platform/profile_utils/cpu_utils.cc:102] CPU Frequency: 2393995000 Hz
2025-09-23 01:31:06.641921: I tensorflow/compiler/xla/service/service.cc:168] XLA service 0x55900eaadb50 initialized for platform Host (this does not guarantee that XLA will be used). Devices:
2025-09-23 01:31:06.641949: I tensorflow/compiler/xla/service/service.cc:176]   StreamExecutor device (0): Host, Default Version
2025-09-23 01:56:12.722089: W tensorflow/stream_executor/platform/default/dso_loader.cc:55] Could not load dynamic library 'libcuda.so.1'; dlerror: libcuda.so.1: cannot open shared object file: No such file or directory; LD_LIBRARY_PATH: /software/slurm/spackages/linux-rocky8-x86_64/gcc-12.3.0/cuda-12.3.0-p2hoh7xwcu52zilqglv3nnc5bwnritue/lib64:/software/slurm/spackages/linux-rocky8-x86_64/gcc-12.2.0/anaconda3-2023.09-0-3mhml42fa64byxqyd5fig5tbih625dp2/lib:/software/slurm/spackages/linux-rocky8-x86_64/gcc-12.2.0/gcc-13.2.0-syd6gd5bzt4ugi5fc6dh2efw46jakd6t/lib:/software/slurm/spackages/linux-rocky8-x86_64/gcc-12.2.0/gcc-13.2.0-syd6gd5bzt4ugi5fc6dh2efw46jakd6t/lib64
2025-09-23 01:56:12.722136: E tensorflow/stream_executor/cuda/cuda_driver.cc:313] failed call to cuInit: UNKNOWN ERROR (303)
2025-09-23 01:56:12.722162: I tensorflow/stream_executor/cuda/cuda_diagnostics.cc:156] kernel driver does not appear to be running on this host (node1626.palmetto.clemson.edu): /proc/driver/nvidia/version does not exist
2025-09-23 01:56:12.722337: I tensorflow/core/platform/cpu_feature_guard.cc:143] Your CPU supports instructions that this TensorFlow binary was not compiled to use: SSE4.1 SSE4.2 AVX
2025-09-23 01:56:12.740668: I tensorflow/core/platform/profile_utils/cpu_utils.cc:102] CPU Frequency: 2393995000 Hz
2025-09-23 01:56:12.740873: I tensorflow/compiler/xla/service/service.cc:168] XLA service 0x561f7aeb7e30 initialized for platform Host (this does not guarantee that XLA will be used). Devices:
2025-09-23 01:56:12.740902: I tensorflow/compiler/xla/service/service.cc:176]   StreamExecutor device (0): Host, Default Version
2025-09-23 02:23:46.673067: W tensorflow/stream_executor/platform/default/dso_loader.cc:55] Could not load dynamic library 'libcuda.so.1'; dlerror: libcuda.so.1: cannot open shared object file: No such file or directory; LD_LIBRARY_PATH: /software/slurm/spackages/linux-rocky8-x86_64/gcc-12.3.0/cuda-12.3.0-p2hoh7xwcu52zilqglv3nnc5bwnritue/lib64:/software/slurm/spackages/linux-rocky8-x86_64/gcc-12.2.0/anaconda3-2023.09-0-3mhml42fa64byxqyd5fig5tbih625dp2/lib:/software/slurm/spackages/linux-rocky8-x86_64/gcc-12.2.0/gcc-13.2.0-syd6gd5bzt4ugi5fc6dh2efw46jakd6t/lib:/software/slurm/spackages/linux-rocky8-x86_64/gcc-12.2.0/gcc-13.2.0-syd6gd5bzt4ugi5fc6dh2efw46jakd6t/lib64
2025-09-23 02:23:46.673117: E tensorflow/stream_executor/cuda/cuda_driver.cc:313] failed call to cuInit: UNKNOWN ERROR (303)
2025-09-23 02:23:46.673144: I tensorflow/stream_executor/cuda/cuda_diagnostics.cc:156] kernel driver does not appear to be running on this host (node1626.palmetto.clemson.edu): /proc/driver/nvidia/version does not exist
2025-09-23 02:23:46.673319: I tensorflow/core/platform/cpu_feature_guard.cc:143] Your CPU supports instructions that this TensorFlow binary was not compiled to use: SSE4.1 SSE4.2 AVX
2025-09-23 02:23:46.680299: I tensorflow/core/platform/profile_utils/cpu_utils.cc:102] CPU Frequency: 2393995000 Hz
2025-09-23 02:23:46.680474: I tensorflow/compiler/xla/service/service.cc:168] XLA service 0x559c61e86a30 initialized for platform Host (this does not guarantee that XLA will be used). Devices:
2025-09-23 02:23:46.680498: I tensorflow/compiler/xla/service/service.cc:176]   StreamExecutor device (0): Host, Default Version
FINISHED EVALUATING.
