Running inside Clemson-DND Segment...
2025-09-19 22:21:45.475636: W tensorflow/stream_executor/platform/default/dso_loader.cc:55] Could not load dynamic library 'libcuda.so.1'; dlerror: libcuda.so.1: cannot open shared object file: No such file or directory; LD_LIBRARY_PATH: /software/slurm/spackages/linux-rocky8-x86_64/gcc-12.3.0/cuda-12.3.0-p2hoh7xwcu52zilqglv3nnc5bwnritue/lib64:/software/slurm/spackages/linux-rocky8-x86_64/gcc-12.2.0/anaconda3-2023.09-0-3mhml42fa64byxqyd5fig5tbih625dp2/lib:/software/slurm/spackages/linux-rocky8-x86_64/gcc-12.2.0/gcc-13.2.0-syd6gd5bzt4ugi5fc6dh2efw46jakd6t/lib:/software/slurm/spackages/linux-rocky8-x86_64/gcc-12.2.0/gcc-13.2.0-syd6gd5bzt4ugi5fc6dh2efw46jakd6t/lib64
2025-09-19 22:21:45.476238: E tensorflow/stream_executor/cuda/cuda_driver.cc:313] failed call to cuInit: UNKNOWN ERROR (303)
2025-09-19 22:21:45.476279: I tensorflow/stream_executor/cuda/cuda_diagnostics.cc:156] kernel driver does not appear to be running on this host (node0357.palmetto.clemson.edu): /proc/driver/nvidia/version does not exist
2025-09-19 22:21:45.476527: I tensorflow/core/platform/cpu_feature_guard.cc:143] Your CPU supports instructions that this TensorFlow binary was not compiled to use: SSE4.1 SSE4.2 AVX
2025-09-19 22:21:45.495765: I tensorflow/core/platform/profile_utils/cpu_utils.cc:102] CPU Frequency: 2199915000 Hz
2025-09-19 22:21:45.496112: I tensorflow/compiler/xla/service/service.cc:168] XLA service 0x5573cff712f0 initialized for platform Host (this does not guarantee that XLA will be used). Devices:
2025-09-19 22:21:45.496144: I tensorflow/compiler/xla/service/service.cc:176]   StreamExecutor device (0): Host, Default Version
2025-09-19 22:52:49.581485: W tensorflow/stream_executor/platform/default/dso_loader.cc:55] Could not load dynamic library 'libcuda.so.1'; dlerror: libcuda.so.1: cannot open shared object file: No such file or directory; LD_LIBRARY_PATH: /software/slurm/spackages/linux-rocky8-x86_64/gcc-12.3.0/cuda-12.3.0-p2hoh7xwcu52zilqglv3nnc5bwnritue/lib64:/software/slurm/spackages/linux-rocky8-x86_64/gcc-12.2.0/anaconda3-2023.09-0-3mhml42fa64byxqyd5fig5tbih625dp2/lib:/software/slurm/spackages/linux-rocky8-x86_64/gcc-12.2.0/gcc-13.2.0-syd6gd5bzt4ugi5fc6dh2efw46jakd6t/lib:/software/slurm/spackages/linux-rocky8-x86_64/gcc-12.2.0/gcc-13.2.0-syd6gd5bzt4ugi5fc6dh2efw46jakd6t/lib64
2025-09-19 22:52:49.581546: E tensorflow/stream_executor/cuda/cuda_driver.cc:313] failed call to cuInit: UNKNOWN ERROR (303)
2025-09-19 22:52:49.581576: I tensorflow/stream_executor/cuda/cuda_diagnostics.cc:156] kernel driver does not appear to be running on this host (node0357.palmetto.clemson.edu): /proc/driver/nvidia/version does not exist
2025-09-19 22:52:49.581796: I tensorflow/core/platform/cpu_feature_guard.cc:143] Your CPU supports instructions that this TensorFlow binary was not compiled to use: SSE4.1 SSE4.2 AVX
2025-09-19 22:52:49.601834: I tensorflow/core/platform/profile_utils/cpu_utils.cc:102] CPU Frequency: 2199915000 Hz
2025-09-19 22:52:49.602258: I tensorflow/compiler/xla/service/service.cc:168] XLA service 0x55d48a5b46b0 initialized for platform Host (this does not guarantee that XLA will be used). Devices:
2025-09-19 22:52:49.602292: I tensorflow/compiler/xla/service/service.cc:176]   StreamExecutor device (0): Host, Default Version
2025-09-19 23:26:05.142646: W tensorflow/stream_executor/platform/default/dso_loader.cc:55] Could not load dynamic library 'libcuda.so.1'; dlerror: libcuda.so.1: cannot open shared object file: No such file or directory; LD_LIBRARY_PATH: /software/slurm/spackages/linux-rocky8-x86_64/gcc-12.3.0/cuda-12.3.0-p2hoh7xwcu52zilqglv3nnc5bwnritue/lib64:/software/slurm/spackages/linux-rocky8-x86_64/gcc-12.2.0/anaconda3-2023.09-0-3mhml42fa64byxqyd5fig5tbih625dp2/lib:/software/slurm/spackages/linux-rocky8-x86_64/gcc-12.2.0/gcc-13.2.0-syd6gd5bzt4ugi5fc6dh2efw46jakd6t/lib:/software/slurm/spackages/linux-rocky8-x86_64/gcc-12.2.0/gcc-13.2.0-syd6gd5bzt4ugi5fc6dh2efw46jakd6t/lib64
2025-09-19 23:26:05.142713: E tensorflow/stream_executor/cuda/cuda_driver.cc:313] failed call to cuInit: UNKNOWN ERROR (303)
2025-09-19 23:26:05.142753: I tensorflow/stream_executor/cuda/cuda_diagnostics.cc:156] kernel driver does not appear to be running on this host (node0357.palmetto.clemson.edu): /proc/driver/nvidia/version does not exist
2025-09-19 23:26:05.143073: I tensorflow/core/platform/cpu_feature_guard.cc:143] Your CPU supports instructions that this TensorFlow binary was not compiled to use: SSE4.1 SSE4.2 AVX
2025-09-19 23:26:05.162823: I tensorflow/core/platform/profile_utils/cpu_utils.cc:102] CPU Frequency: 2199915000 Hz
2025-09-19 23:26:05.163221: I tensorflow/compiler/xla/service/service.cc:168] XLA service 0x563be2e16270 initialized for platform Host (this does not guarantee that XLA will be used). Devices:
2025-09-19 23:26:05.163253: I tensorflow/compiler/xla/service/service.cc:176]   StreamExecutor device (0): Host, Default Version
2025-09-19 23:54:19.561323: W tensorflow/stream_executor/platform/default/dso_loader.cc:55] Could not load dynamic library 'libcuda.so.1'; dlerror: libcuda.so.1: cannot open shared object file: No such file or directory; LD_LIBRARY_PATH: /software/slurm/spackages/linux-rocky8-x86_64/gcc-12.3.0/cuda-12.3.0-p2hoh7xwcu52zilqglv3nnc5bwnritue/lib64:/software/slurm/spackages/linux-rocky8-x86_64/gcc-12.2.0/anaconda3-2023.09-0-3mhml42fa64byxqyd5fig5tbih625dp2/lib:/software/slurm/spackages/linux-rocky8-x86_64/gcc-12.2.0/gcc-13.2.0-syd6gd5bzt4ugi5fc6dh2efw46jakd6t/lib:/software/slurm/spackages/linux-rocky8-x86_64/gcc-12.2.0/gcc-13.2.0-syd6gd5bzt4ugi5fc6dh2efw46jakd6t/lib64
2025-09-19 23:54:19.561389: E tensorflow/stream_executor/cuda/cuda_driver.cc:313] failed call to cuInit: UNKNOWN ERROR (303)
2025-09-19 23:54:19.561431: I tensorflow/stream_executor/cuda/cuda_diagnostics.cc:156] kernel driver does not appear to be running on this host (node0357.palmetto.clemson.edu): /proc/driver/nvidia/version does not exist
2025-09-19 23:54:19.561723: I tensorflow/core/platform/cpu_feature_guard.cc:143] Your CPU supports instructions that this TensorFlow binary was not compiled to use: SSE4.1 SSE4.2 AVX
2025-09-19 23:54:19.581805: I tensorflow/core/platform/profile_utils/cpu_utils.cc:102] CPU Frequency: 2199915000 Hz
2025-09-19 23:54:19.582321: I tensorflow/compiler/xla/service/service.cc:168] XLA service 0x565016d4daf0 initialized for platform Host (this does not guarantee that XLA will be used). Devices:
2025-09-19 23:54:19.582355: I tensorflow/compiler/xla/service/service.cc:176]   StreamExecutor device (0): Host, Default Version
2025-09-20 00:25:28.209641: W tensorflow/stream_executor/platform/default/dso_loader.cc:55] Could not load dynamic library 'libcuda.so.1'; dlerror: libcuda.so.1: cannot open shared object file: No such file or directory; LD_LIBRARY_PATH: /software/slurm/spackages/linux-rocky8-x86_64/gcc-12.3.0/cuda-12.3.0-p2hoh7xwcu52zilqglv3nnc5bwnritue/lib64:/software/slurm/spackages/linux-rocky8-x86_64/gcc-12.2.0/anaconda3-2023.09-0-3mhml42fa64byxqyd5fig5tbih625dp2/lib:/software/slurm/spackages/linux-rocky8-x86_64/gcc-12.2.0/gcc-13.2.0-syd6gd5bzt4ugi5fc6dh2efw46jakd6t/lib:/software/slurm/spackages/linux-rocky8-x86_64/gcc-12.2.0/gcc-13.2.0-syd6gd5bzt4ugi5fc6dh2efw46jakd6t/lib64
2025-09-20 00:25:28.209703: E tensorflow/stream_executor/cuda/cuda_driver.cc:313] failed call to cuInit: UNKNOWN ERROR (303)
2025-09-20 00:25:28.209735: I tensorflow/stream_executor/cuda/cuda_diagnostics.cc:156] kernel driver does not appear to be running on this host (node0357.palmetto.clemson.edu): /proc/driver/nvidia/version does not exist
2025-09-20 00:25:28.209949: I tensorflow/core/platform/cpu_feature_guard.cc:143] Your CPU supports instructions that this TensorFlow binary was not compiled to use: SSE4.1 SSE4.2 AVX
2025-09-20 00:25:28.229811: I tensorflow/core/platform/profile_utils/cpu_utils.cc:102] CPU Frequency: 2199915000 Hz
2025-09-20 00:25:28.230237: I tensorflow/compiler/xla/service/service.cc:168] XLA service 0x55da895a2000 initialized for platform Host (this does not guarantee that XLA will be used). Devices:
2025-09-20 00:25:28.230270: I tensorflow/compiler/xla/service/service.cc:176]   StreamExecutor device (0): Host, Default Version
FINISHED EVALUATING.
