Running inside Clemson-DND Segment...
2025-09-22 23:50:03.481811: W tensorflow/stream_executor/platform/default/dso_loader.cc:55] Could not load dynamic library 'libcuda.so.1'; dlerror: libcuda.so.1: cannot open shared object file: No such file or directory; LD_LIBRARY_PATH: /software/slurm/spackages/linux-rocky8-x86_64/gcc-12.3.0/cuda-12.3.0-p2hoh7xwcu52zilqglv3nnc5bwnritue/lib64:/software/slurm/spackages/linux-rocky8-x86_64/gcc-12.2.0/anaconda3-2023.09-0-3mhml42fa64byxqyd5fig5tbih625dp2/lib:/software/slurm/spackages/linux-rocky8-x86_64/gcc-12.2.0/gcc-13.2.0-syd6gd5bzt4ugi5fc6dh2efw46jakd6t/lib:/software/slurm/spackages/linux-rocky8-x86_64/gcc-12.2.0/gcc-13.2.0-syd6gd5bzt4ugi5fc6dh2efw46jakd6t/lib64
2025-09-22 23:50:03.482160: E tensorflow/stream_executor/cuda/cuda_driver.cc:313] failed call to cuInit: UNKNOWN ERROR (303)
2025-09-22 23:50:03.482204: I tensorflow/stream_executor/cuda/cuda_diagnostics.cc:156] kernel driver does not appear to be running on this host (node1869.palmetto.clemson.edu): /proc/driver/nvidia/version does not exist
2025-09-22 23:50:03.482487: I tensorflow/core/platform/cpu_feature_guard.cc:143] Your CPU supports instructions that this TensorFlow binary was not compiled to use: SSE4.1 SSE4.2 AVX
2025-09-22 23:50:03.536144: I tensorflow/core/platform/profile_utils/cpu_utils.cc:102] CPU Frequency: 2399930000 Hz
2025-09-22 23:50:03.538509: I tensorflow/compiler/xla/service/service.cc:168] XLA service 0x55f85a9e7310 initialized for platform Host (this does not guarantee that XLA will be used). Devices:
2025-09-22 23:50:03.538540: I tensorflow/compiler/xla/service/service.cc:176]   StreamExecutor device (0): Host, Default Version
Traceback (most recent call last):
  File "Eval_HeydCNN.py", line 371, in <module>
    with open(filename,"w") as f:
FileNotFoundError: [Errno 2] No such file or directory: './Detections/DndClemson/ClemDND_HeydCNN_0/Dets_DndClemson_p005c2.txt'
2025-09-22 23:50:38.527310: W tensorflow/stream_executor/platform/default/dso_loader.cc:55] Could not load dynamic library 'libcuda.so.1'; dlerror: libcuda.so.1: cannot open shared object file: No such file or directory; LD_LIBRARY_PATH: /software/slurm/spackages/linux-rocky8-x86_64/gcc-12.3.0/cuda-12.3.0-p2hoh7xwcu52zilqglv3nnc5bwnritue/lib64:/software/slurm/spackages/linux-rocky8-x86_64/gcc-12.2.0/anaconda3-2023.09-0-3mhml42fa64byxqyd5fig5tbih625dp2/lib:/software/slurm/spackages/linux-rocky8-x86_64/gcc-12.2.0/gcc-13.2.0-syd6gd5bzt4ugi5fc6dh2efw46jakd6t/lib:/software/slurm/spackages/linux-rocky8-x86_64/gcc-12.2.0/gcc-13.2.0-syd6gd5bzt4ugi5fc6dh2efw46jakd6t/lib64
2025-09-22 23:50:38.527364: E tensorflow/stream_executor/cuda/cuda_driver.cc:313] failed call to cuInit: UNKNOWN ERROR (303)
2025-09-22 23:50:38.527398: I tensorflow/stream_executor/cuda/cuda_diagnostics.cc:156] kernel driver does not appear to be running on this host (node1869.palmetto.clemson.edu): /proc/driver/nvidia/version does not exist
2025-09-22 23:50:38.527632: I tensorflow/core/platform/cpu_feature_guard.cc:143] Your CPU supports instructions that this TensorFlow binary was not compiled to use: SSE4.1 SSE4.2 AVX
2025-09-22 23:50:38.548141: I tensorflow/core/platform/profile_utils/cpu_utils.cc:102] CPU Frequency: 2399930000 Hz
2025-09-22 23:50:38.548532: I tensorflow/compiler/xla/service/service.cc:168] XLA service 0x564ebe722ec0 initialized for platform Host (this does not guarantee that XLA will be used). Devices:
2025-09-22 23:50:38.548564: I tensorflow/compiler/xla/service/service.cc:176]   StreamExecutor device (0): Host, Default Version
Traceback (most recent call last):
  File "Eval_HeydCNN.py", line 371, in <module>
    with open(filename,"w") as f:
FileNotFoundError: [Errno 2] No such file or directory: './Detections/DndClemson/ClemDND_HeydCNN_0/Dets_DndClemson_p006c1.txt'
2025-09-22 23:51:13.558461: W tensorflow/stream_executor/platform/default/dso_loader.cc:55] Could not load dynamic library 'libcuda.so.1'; dlerror: libcuda.so.1: cannot open shared object file: No such file or directory; LD_LIBRARY_PATH: /software/slurm/spackages/linux-rocky8-x86_64/gcc-12.3.0/cuda-12.3.0-p2hoh7xwcu52zilqglv3nnc5bwnritue/lib64:/software/slurm/spackages/linux-rocky8-x86_64/gcc-12.2.0/anaconda3-2023.09-0-3mhml42fa64byxqyd5fig5tbih625dp2/lib:/software/slurm/spackages/linux-rocky8-x86_64/gcc-12.2.0/gcc-13.2.0-syd6gd5bzt4ugi5fc6dh2efw46jakd6t/lib:/software/slurm/spackages/linux-rocky8-x86_64/gcc-12.2.0/gcc-13.2.0-syd6gd5bzt4ugi5fc6dh2efw46jakd6t/lib64
2025-09-22 23:51:13.558530: E tensorflow/stream_executor/cuda/cuda_driver.cc:313] failed call to cuInit: UNKNOWN ERROR (303)
2025-09-22 23:51:13.558563: I tensorflow/stream_executor/cuda/cuda_diagnostics.cc:156] kernel driver does not appear to be running on this host (node1869.palmetto.clemson.edu): /proc/driver/nvidia/version does not exist
2025-09-22 23:51:13.558791: I tensorflow/core/platform/cpu_feature_guard.cc:143] Your CPU supports instructions that this TensorFlow binary was not compiled to use: SSE4.1 SSE4.2 AVX
2025-09-22 23:51:13.578165: I tensorflow/core/platform/profile_utils/cpu_utils.cc:102] CPU Frequency: 2399930000 Hz
2025-09-22 23:51:13.578540: I tensorflow/compiler/xla/service/service.cc:168] XLA service 0x5616c5b6b8f0 initialized for platform Host (this does not guarantee that XLA will be used). Devices:
2025-09-22 23:51:13.578570: I tensorflow/compiler/xla/service/service.cc:176]   StreamExecutor device (0): Host, Default Version
Traceback (most recent call last):
  File "Eval_HeydCNN.py", line 371, in <module>
    with open(filename,"w") as f:
FileNotFoundError: [Errno 2] No such file or directory: './Detections/DndClemson/ClemDND_HeydCNN_0/Dets_DndClemson_p006c2.txt'
2025-09-22 23:51:47.858478: W tensorflow/stream_executor/platform/default/dso_loader.cc:55] Could not load dynamic library 'libcuda.so.1'; dlerror: libcuda.so.1: cannot open shared object file: No such file or directory; LD_LIBRARY_PATH: /software/slurm/spackages/linux-rocky8-x86_64/gcc-12.3.0/cuda-12.3.0-p2hoh7xwcu52zilqglv3nnc5bwnritue/lib64:/software/slurm/spackages/linux-rocky8-x86_64/gcc-12.2.0/anaconda3-2023.09-0-3mhml42fa64byxqyd5fig5tbih625dp2/lib:/software/slurm/spackages/linux-rocky8-x86_64/gcc-12.2.0/gcc-13.2.0-syd6gd5bzt4ugi5fc6dh2efw46jakd6t/lib:/software/slurm/spackages/linux-rocky8-x86_64/gcc-12.2.0/gcc-13.2.0-syd6gd5bzt4ugi5fc6dh2efw46jakd6t/lib64
2025-09-22 23:51:47.858534: E tensorflow/stream_executor/cuda/cuda_driver.cc:313] failed call to cuInit: UNKNOWN ERROR (303)
2025-09-22 23:51:47.858563: I tensorflow/stream_executor/cuda/cuda_diagnostics.cc:156] kernel driver does not appear to be running on this host (node1869.palmetto.clemson.edu): /proc/driver/nvidia/version does not exist
2025-09-22 23:51:47.858791: I tensorflow/core/platform/cpu_feature_guard.cc:143] Your CPU supports instructions that this TensorFlow binary was not compiled to use: SSE4.1 SSE4.2 AVX
2025-09-22 23:51:47.878181: I tensorflow/core/platform/profile_utils/cpu_utils.cc:102] CPU Frequency: 2399930000 Hz
2025-09-22 23:51:47.878573: I tensorflow/compiler/xla/service/service.cc:168] XLA service 0x556f0ebe7300 initialized for platform Host (this does not guarantee that XLA will be used). Devices:
2025-09-22 23:51:47.878604: I tensorflow/compiler/xla/service/service.cc:176]   StreamExecutor device (0): Host, Default Version
Traceback (most recent call last):
  File "Eval_HeydCNN.py", line 371, in <module>
    with open(filename,"w") as f:
FileNotFoundError: [Errno 2] No such file or directory: './Detections/DndClemson/ClemDND_HeydCNN_0/Dets_DndClemson_p007c1.txt'
2025-09-22 23:52:24.116242: W tensorflow/stream_executor/platform/default/dso_loader.cc:55] Could not load dynamic library 'libcuda.so.1'; dlerror: libcuda.so.1: cannot open shared object file: No such file or directory; LD_LIBRARY_PATH: /software/slurm/spackages/linux-rocky8-x86_64/gcc-12.3.0/cuda-12.3.0-p2hoh7xwcu52zilqglv3nnc5bwnritue/lib64:/software/slurm/spackages/linux-rocky8-x86_64/gcc-12.2.0/anaconda3-2023.09-0-3mhml42fa64byxqyd5fig5tbih625dp2/lib:/software/slurm/spackages/linux-rocky8-x86_64/gcc-12.2.0/gcc-13.2.0-syd6gd5bzt4ugi5fc6dh2efw46jakd6t/lib:/software/slurm/spackages/linux-rocky8-x86_64/gcc-12.2.0/gcc-13.2.0-syd6gd5bzt4ugi5fc6dh2efw46jakd6t/lib64
2025-09-22 23:52:24.116305: E tensorflow/stream_executor/cuda/cuda_driver.cc:313] failed call to cuInit: UNKNOWN ERROR (303)
2025-09-22 23:52:24.116337: I tensorflow/stream_executor/cuda/cuda_diagnostics.cc:156] kernel driver does not appear to be running on this host (node1869.palmetto.clemson.edu): /proc/driver/nvidia/version does not exist
2025-09-22 23:52:24.116538: I tensorflow/core/platform/cpu_feature_guard.cc:143] Your CPU supports instructions that this TensorFlow binary was not compiled to use: SSE4.1 SSE4.2 AVX
2025-09-22 23:52:24.136165: I tensorflow/core/platform/profile_utils/cpu_utils.cc:102] CPU Frequency: 2399930000 Hz
2025-09-22 23:52:24.136541: I tensorflow/compiler/xla/service/service.cc:168] XLA service 0x5609e3d17460 initialized for platform Host (this does not guarantee that XLA will be used). Devices:
2025-09-22 23:52:24.136572: I tensorflow/compiler/xla/service/service.cc:176]   StreamExecutor device (0): Host, Default Version
Traceback (most recent call last):
  File "Eval_HeydCNN.py", line 371, in <module>
    with open(filename,"w") as f:
FileNotFoundError: [Errno 2] No such file or directory: './Detections/DndClemson/ClemDND_HeydCNN_0/Dets_DndClemson_p005c1.txt'
FINISHED EVALUATING.
