Running inside OHO_DND Segment...
2025-09-23 00:32:49.709489: W tensorflow/stream_executor/platform/default/dso_loader.cc:55] Could not load dynamic library 'libcuda.so.1'; dlerror: libcuda.so.1: cannot open shared object file: No such file or directory; LD_LIBRARY_PATH: /software/slurm/spackages/linux-rocky8-x86_64/gcc-12.3.0/cuda-12.3.0-p2hoh7xwcu52zilqglv3nnc5bwnritue/lib64:/software/slurm/spackages/linux-rocky8-x86_64/gcc-12.2.0/anaconda3-2023.09-0-3mhml42fa64byxqyd5fig5tbih625dp2/lib:/software/slurm/spackages/linux-rocky8-x86_64/gcc-12.2.0/gcc-13.2.0-syd6gd5bzt4ugi5fc6dh2efw46jakd6t/lib:/software/slurm/spackages/linux-rocky8-x86_64/gcc-12.2.0/gcc-13.2.0-syd6gd5bzt4ugi5fc6dh2efw46jakd6t/lib64
2025-09-23 00:32:49.709534: E tensorflow/stream_executor/cuda/cuda_driver.cc:313] failed call to cuInit: UNKNOWN ERROR (303)
2025-09-23 00:32:49.709559: I tensorflow/stream_executor/cuda/cuda_diagnostics.cc:156] kernel driver does not appear to be running on this host (node1869.palmetto.clemson.edu): /proc/driver/nvidia/version does not exist
2025-09-23 00:32:49.709736: I tensorflow/core/platform/cpu_feature_guard.cc:143] Your CPU supports instructions that this TensorFlow binary was not compiled to use: SSE4.1 SSE4.2 AVX
2025-09-23 00:32:49.716836: I tensorflow/core/platform/profile_utils/cpu_utils.cc:102] CPU Frequency: 2399930000 Hz
2025-09-23 00:32:49.717006: I tensorflow/compiler/xla/service/service.cc:168] XLA service 0x55a006b1b7d0 initialized for platform Host (this does not guarantee that XLA will be used). Devices:
2025-09-23 00:32:49.717028: I tensorflow/compiler/xla/service/service.cc:176]   StreamExecutor device (0): Host, Default Version
2025-09-23 00:39:12.882627: W tensorflow/stream_executor/platform/default/dso_loader.cc:55] Could not load dynamic library 'libcuda.so.1'; dlerror: libcuda.so.1: cannot open shared object file: No such file or directory; LD_LIBRARY_PATH: /software/slurm/spackages/linux-rocky8-x86_64/gcc-12.3.0/cuda-12.3.0-p2hoh7xwcu52zilqglv3nnc5bwnritue/lib64:/software/slurm/spackages/linux-rocky8-x86_64/gcc-12.2.0/anaconda3-2023.09-0-3mhml42fa64byxqyd5fig5tbih625dp2/lib:/software/slurm/spackages/linux-rocky8-x86_64/gcc-12.2.0/gcc-13.2.0-syd6gd5bzt4ugi5fc6dh2efw46jakd6t/lib:/software/slurm/spackages/linux-rocky8-x86_64/gcc-12.2.0/gcc-13.2.0-syd6gd5bzt4ugi5fc6dh2efw46jakd6t/lib64
2025-09-23 00:39:12.882671: E tensorflow/stream_executor/cuda/cuda_driver.cc:313] failed call to cuInit: UNKNOWN ERROR (303)
2025-09-23 00:39:12.882697: I tensorflow/stream_executor/cuda/cuda_diagnostics.cc:156] kernel driver does not appear to be running on this host (node1869.palmetto.clemson.edu): /proc/driver/nvidia/version does not exist
2025-09-23 00:39:12.882883: I tensorflow/core/platform/cpu_feature_guard.cc:143] Your CPU supports instructions that this TensorFlow binary was not compiled to use: SSE4.1 SSE4.2 AVX
2025-09-23 00:39:12.902099: I tensorflow/core/platform/profile_utils/cpu_utils.cc:102] CPU Frequency: 2399930000 Hz
2025-09-23 00:39:12.902331: I tensorflow/compiler/xla/service/service.cc:168] XLA service 0x5561d0704740 initialized for platform Host (this does not guarantee that XLA will be used). Devices:
2025-09-23 00:39:12.902360: I tensorflow/compiler/xla/service/service.cc:176]   StreamExecutor device (0): Host, Default Version
2025-09-23 00:45:35.959270: W tensorflow/stream_executor/platform/default/dso_loader.cc:55] Could not load dynamic library 'libcuda.so.1'; dlerror: libcuda.so.1: cannot open shared object file: No such file or directory; LD_LIBRARY_PATH: /software/slurm/spackages/linux-rocky8-x86_64/gcc-12.3.0/cuda-12.3.0-p2hoh7xwcu52zilqglv3nnc5bwnritue/lib64:/software/slurm/spackages/linux-rocky8-x86_64/gcc-12.2.0/anaconda3-2023.09-0-3mhml42fa64byxqyd5fig5tbih625dp2/lib:/software/slurm/spackages/linux-rocky8-x86_64/gcc-12.2.0/gcc-13.2.0-syd6gd5bzt4ugi5fc6dh2efw46jakd6t/lib:/software/slurm/spackages/linux-rocky8-x86_64/gcc-12.2.0/gcc-13.2.0-syd6gd5bzt4ugi5fc6dh2efw46jakd6t/lib64
2025-09-23 00:45:35.959318: E tensorflow/stream_executor/cuda/cuda_driver.cc:313] failed call to cuInit: UNKNOWN ERROR (303)
2025-09-23 00:45:35.959377: I tensorflow/stream_executor/cuda/cuda_diagnostics.cc:156] kernel driver does not appear to be running on this host (node1869.palmetto.clemson.edu): /proc/driver/nvidia/version does not exist
2025-09-23 00:45:35.959575: I tensorflow/core/platform/cpu_feature_guard.cc:143] Your CPU supports instructions that this TensorFlow binary was not compiled to use: SSE4.1 SSE4.2 AVX
2025-09-23 00:45:35.978130: I tensorflow/core/platform/profile_utils/cpu_utils.cc:102] CPU Frequency: 2399930000 Hz
2025-09-23 00:45:35.978404: I tensorflow/compiler/xla/service/service.cc:168] XLA service 0x561d1b3f7b00 initialized for platform Host (this does not guarantee that XLA will be used). Devices:
2025-09-23 00:45:35.978440: I tensorflow/compiler/xla/service/service.cc:176]   StreamExecutor device (0): Host, Default Version
2025-09-23 00:51:55.078221: W tensorflow/stream_executor/platform/default/dso_loader.cc:55] Could not load dynamic library 'libcuda.so.1'; dlerror: libcuda.so.1: cannot open shared object file: No such file or directory; LD_LIBRARY_PATH: /software/slurm/spackages/linux-rocky8-x86_64/gcc-12.3.0/cuda-12.3.0-p2hoh7xwcu52zilqglv3nnc5bwnritue/lib64:/software/slurm/spackages/linux-rocky8-x86_64/gcc-12.2.0/anaconda3-2023.09-0-3mhml42fa64byxqyd5fig5tbih625dp2/lib:/software/slurm/spackages/linux-rocky8-x86_64/gcc-12.2.0/gcc-13.2.0-syd6gd5bzt4ugi5fc6dh2efw46jakd6t/lib:/software/slurm/spackages/linux-rocky8-x86_64/gcc-12.2.0/gcc-13.2.0-syd6gd5bzt4ugi5fc6dh2efw46jakd6t/lib64
2025-09-23 00:51:55.078267: E tensorflow/stream_executor/cuda/cuda_driver.cc:313] failed call to cuInit: UNKNOWN ERROR (303)
2025-09-23 00:51:55.078293: I tensorflow/stream_executor/cuda/cuda_diagnostics.cc:156] kernel driver does not appear to be running on this host (node1869.palmetto.clemson.edu): /proc/driver/nvidia/version does not exist
2025-09-23 00:51:55.078472: I tensorflow/core/platform/cpu_feature_guard.cc:143] Your CPU supports instructions that this TensorFlow binary was not compiled to use: SSE4.1 SSE4.2 AVX
2025-09-23 00:51:55.097104: I tensorflow/core/platform/profile_utils/cpu_utils.cc:102] CPU Frequency: 2399930000 Hz
2025-09-23 00:51:55.097388: I tensorflow/compiler/xla/service/service.cc:168] XLA service 0x55d94ea45660 initialized for platform Host (this does not guarantee that XLA will be used). Devices:
2025-09-23 00:51:55.097417: I tensorflow/compiler/xla/service/service.cc:176]   StreamExecutor device (0): Host, Default Version
2025-09-23 00:58:34.015488: W tensorflow/stream_executor/platform/default/dso_loader.cc:55] Could not load dynamic library 'libcuda.so.1'; dlerror: libcuda.so.1: cannot open shared object file: No such file or directory; LD_LIBRARY_PATH: /software/slurm/spackages/linux-rocky8-x86_64/gcc-12.3.0/cuda-12.3.0-p2hoh7xwcu52zilqglv3nnc5bwnritue/lib64:/software/slurm/spackages/linux-rocky8-x86_64/gcc-12.2.0/anaconda3-2023.09-0-3mhml42fa64byxqyd5fig5tbih625dp2/lib:/software/slurm/spackages/linux-rocky8-x86_64/gcc-12.2.0/gcc-13.2.0-syd6gd5bzt4ugi5fc6dh2efw46jakd6t/lib:/software/slurm/spackages/linux-rocky8-x86_64/gcc-12.2.0/gcc-13.2.0-syd6gd5bzt4ugi5fc6dh2efw46jakd6t/lib64
2025-09-23 00:58:34.015532: E tensorflow/stream_executor/cuda/cuda_driver.cc:313] failed call to cuInit: UNKNOWN ERROR (303)
2025-09-23 00:58:34.015559: I tensorflow/stream_executor/cuda/cuda_diagnostics.cc:156] kernel driver does not appear to be running on this host (node1869.palmetto.clemson.edu): /proc/driver/nvidia/version does not exist
2025-09-23 00:58:34.015731: I tensorflow/core/platform/cpu_feature_guard.cc:143] Your CPU supports instructions that this TensorFlow binary was not compiled to use: SSE4.1 SSE4.2 AVX
2025-09-23 00:58:34.035093: I tensorflow/core/platform/profile_utils/cpu_utils.cc:102] CPU Frequency: 2399930000 Hz
2025-09-23 00:58:34.035398: I tensorflow/compiler/xla/service/service.cc:168] XLA service 0x56131fe88e40 initialized for platform Host (this does not guarantee that XLA will be used). Devices:
2025-09-23 00:58:34.035427: I tensorflow/compiler/xla/service/service.cc:176]   StreamExecutor device (0): Host, Default Version
FINISHED EVALUATING.
